
======================================================================
CONCAT MLA Q KERNEL BENCHMARKS
======================================================================
Dimensions: nope=512, rope=64, heads=128
Per-head output: 576 bf16 = 1152 bytes
num_tokens (decode=batch_size, prefill=chunk_size): [8, 16, 32, 64, 128, 256, 512, 1024, 2048, 4096, 8192]
======================================================================

--- Non-contiguous nope inputs (transposed BMM output) ---
num_tokens |   cat (ms) | direct (ms) |  Speedup | Reduction
----------------------------------------------------------------------
         8 |      0.033 |       0.014 |    2.36x |   -135.8%
        16 |      0.077 |       0.030 |    2.52x |   -151.7%
        32 |      0.147 |       0.058 |    2.55x |   -154.7%
        64 |      0.292 |       0.111 |    2.64x |   -163.8%
       128 |      0.577 |       0.219 |    2.63x |   -163.4%
       256 |      1.144 |       0.430 |    2.66x |   -166.3%
       512 |      2.313 |       0.948 |    2.44x |   -143.9%
      1024 |      4.567 |       1.812 |    2.52x |   -152.1%
      2048 |      9.171 |       4.380 |    2.09x |   -109.4%
      4096 |     18.222 |       8.637 |    2.11x |   -111.0%
      8192 |     36.510 |      15.331 |    2.38x |   -138.2%

======================================================================
Benchmarking complete!
======================================================================
