
=== indexer MQA logits (H=64, D=128, BLOCK_N=128, num_warps=4) ===
   M      N  maxnreg  stages  G  k_scale out  regs  spill        us  ns/CTA
 240  28672        -       2  1           no   161      0    9176.2   170.7
 240  28672        -       2  1          yes   161      0    9276.1   172.5
 240  28672        -       2  4           no   166      0    9087.0   676.1
 240  28672        -       2  4          yes   164      0    8709.3   648.0
 240  28672      128       2  1           no   128      6    9058.2   168.5
 240  28672      128       2  1          yes   128     18    9336.3   173.7
 240  28672      128       2  4           no   128     22    9104.5   677.4
 240  28672      128       2  4          yes   128     34    8944.5   665.5
 240  61440        -       2  1           no   161      0   20009.1   173.7
 240  61440        -       2  1          yes   161      0   19977.8   173.4
 240  61440        -       2  4           no   166      0   19451.2   675.4
 240  61440        -       2  4          yes   164      0   18650.7   647.6
 240  61440      128       2  1           no   128      6   19334.2   167.8
 240  61440      128       2  1          yes   128     18   20376.0   176.9
 240  61440      128       2  4           no   128     22   19538.3   678.4
 240  61440      128       2  4          yes   128     34   19153.5   665.1
2048  28672        -       2  1           no   161      0   82601.4   180.1
2048  28672        -       2  1          yes   161      0   82228.6   179.2
2048  28672        -       2  4           no   166      0   77609.9   676.7
2048  28672        -       2  4          yes   164      0   74760.7   651.9
2048  28672      128       2  1           no   128      6   78832.8   171.8
2048  28672      128       2  1          yes   128     18   82537.3   179.9
2048  28672      128       2  4           no   128     22   77932.4   679.5
2048  28672      128       2  4          yes   128     34   76517.9   667.2
2048  61440        -       2  1           no   161      0  178041.0   181.1
2048  61440        -       2  1          yes   161      0  177961.0   181.0
2048  61440        -       2  4           no   166      0  166323.4   676.8
2048  61440        -       2  4          yes   164      0  160141.6   651.6
2048  61440      128       2  1           no   128      6  169660.2   172.6
2048  61440      128       2  1          yes   128     18  180019.1   183.1
2048  61440      128       2  4           no   128     22  166960.4   679.4
2048  61440      128       2  4          yes   128     34  163976.6   667.2

  factored-vs-scaled epilogue (same invocation, synthetic q/k):
    M=240 N=28672 G=1: max|d|=9.155e-05 rel=3.164e-07, top-512 rows moved 0/240
    M=240 N=28672 G=4: max|d|=9.155e-05 rel=3.164e-07, top-512 rows moved 0/240
    M=240 N=61440 G=1: max|d|=9.155e-05 rel=3.258e-07, top-512 rows moved 0/240
    M=240 N=61440 G=4: max|d|=9.155e-05 rel=3.258e-07, top-512 rows moved 0/240
    M=2048 N=28672 G=1: max|d|=9.155e-05 rel=3.460e-07, top-512 rows moved 1/2048
    M=2048 N=28672 G=4: max|d|=9.155e-05 rel=3.460e-07, top-512 rows moved 1/2048
    M=2048 N=61440 G=1: max|d|=9.155e-05 rel=3.427e-07, top-512 rows moved 0/2048
    M=2048 N=61440 G=4: max|d|=9.155e-05 rel=3.427e-07, top-512 rows moved 0/2048
