
=== indexer MQA logits (H=64, D=128, BLOCK_N=128, num_warps=4) ===
   M      N  maxnreg  stages  G  k_scale out  regs  spill        us  ns/CTA
 240  28672        -       2  1           no   161      0    9274.8   172.5
 240  28672        -       2  1          yes   161      0    9259.1   172.2
 240  28672        -       2  4           no   166      0    9105.0   677.5
 240  28672        -       2  4          yes   164      0    8745.1   650.7
 240  28672      128       2  1           no   128      6    9046.0   168.3
 240  28672      128       2  1          yes   128     18    9504.1   176.8
 240  28672      128       2  4           no   128     22    9076.7   675.4
 240  28672      128       2  4          yes   128     34    8960.1   666.7
 240  61440        -       2  1           no   161      0   19932.1   173.0
 240  61440        -       2  1          yes   161      0   19741.3   171.4
 240  61440        -       2  4           no   166      0   19506.2   677.3
 240  61440        -       2  4          yes   164      0   18717.2   649.9
 240  61440      128       2  1           no   128      6   19458.6   168.9
 240  61440      128       2  1          yes   128     18   20797.4   180.5
 240  61440      128       2  4           no   128     22   19537.2   678.4
 240  61440      128       2  4          yes   128     34   19175.3   665.8
2048  28672        -       2  1           no   161      0   84137.2   183.4
2048  28672        -       2  1          yes   161      0   84035.1   183.2
2048  28672        -       2  4           no   166      0   77589.5   676.5
2048  28672        -       2  4          yes   164      0   74719.4   651.5
2048  28672      128       2  1           no   128      6   79570.2   173.4
2048  28672      128       2  1          yes   128     18   85711.0   186.8
2048  28672      128       2  4           no   128     22   77924.1   679.4
2048  28672      128       2  4          yes   128     34   76558.3   667.5
2048  61440        -       2  1           no   161      0  180051.2   183.2
2048  61440        -       2  1          yes   161      0  179357.8   182.5
2048  61440        -       2  4           no   166      0  166311.1   676.7
2048  61440        -       2  4          yes   164      0  160050.2   651.2
2048  61440      128       2  1           no   128      6  170073.8   173.0
2048  61440      128       2  1          yes   128     18  182066.1   185.2
2048  61440      128       2  4           no   128     22  166877.3   679.0
2048  61440      128       2  4          yes   128     34  163825.2   666.6

  factored-vs-scaled epilogue (same invocation, synthetic q/k):
    M=240 N=28672 G=1: max|d|=9.155e-05 rel=3.164e-07, top-512 rows moved 0/240
    M=240 N=28672 G=4: max|d|=9.155e-05 rel=3.164e-07, top-512 rows moved 0/240
    M=240 N=61440 G=1: max|d|=9.155e-05 rel=3.258e-07, top-512 rows moved 0/240
    M=240 N=61440 G=4: max|d|=9.155e-05 rel=3.258e-07, top-512 rows moved 0/240
    M=2048 N=28672 G=1: max|d|=9.155e-05 rel=3.460e-07, top-512 rows moved 1/2048
    M=2048 N=28672 G=4: max|d|=9.155e-05 rel=3.460e-07, top-512 rows moved 1/2048
    M=2048 N=61440 G=1: max|d|=9.155e-05 rel=3.427e-07, top-512 rows moved 0/2048
    M=2048 N=61440 G=4: max|d|=9.155e-05 rel=3.427e-07, top-512 rows moved 0/2048
