
=== indexer MQA logits (H=64, D=128, BLOCK_N=128, num_warps=4) ===
   M      N  maxnreg  stages  G  k_scale out  regs  spill        us  ns/CTA
 240  28672        -       2  1           no   161      0    9127.1   169.8
 240  28672        -       2  1          yes   161      0    9239.4   171.9
 240  28672        -       2  4           no   166      0    9096.1   676.8
 240  28672        -       2  4          yes   164      0    8724.5   649.1
 240  28672      128       2  1           no   128      6    8963.6   166.7
 240  28672      128       2  1          yes   128     18    9183.8   170.8
 240  28672      128       2  4           no   128     22    9110.8   677.9
 240  28672      128       2  4          yes   128     34    8953.7   666.2
 240  61440        -       2  1           no   161      0   19926.3   173.0
 240  61440        -       2  1          yes   161      0   19885.3   172.6
 240  61440        -       2  4           no   166      0   19495.3   676.9
 240  61440        -       2  4          yes   164      0   18707.7   649.6
 240  61440      128       2  1           no   128      6   19337.0   167.9
 240  61440      128       2  1          yes   128     18   20126.9   174.7
 240  61440      128       2  4           no   128     22   19570.0   679.5
 240  61440      128       2  4          yes   128     34   19190.4   666.3
2048  28672        -       2  1           no   161      0   82649.0   180.2
2048  28672        -       2  1          yes   161      0   82194.9   179.2
2048  28672        -       2  4           no   166      0   77620.7   676.8
2048  28672        -       2  4          yes   164      0   74757.5   651.8
2048  28672      128       2  1           no   128      6   78589.5   171.3
2048  28672      128       2  1          yes   128     18   82558.6   180.0
2048  28672      128       2  4           no   128     22   77941.1   679.6
2048  28672      128       2  4          yes   128     34   76556.1   667.5
2048  61440        -       2  1           no   161      0  178701.8   181.8
2048  61440        -       2  1          yes   161      0  176973.0   180.0
2048  61440        -       2  4           no   166      0  166367.9   677.0
2048  61440        -       2  4          yes   164      0  160169.1   651.7
2048  61440      128       2  1           no   128      6  168721.5   171.6
2048  61440      128       2  1          yes   128     18  178396.1   181.5
2048  61440      128       2  4           no   128     22  166918.2   679.2
2048  61440      128       2  4          yes   128     34  163844.0   666.7

  factored-vs-scaled epilogue (same invocation, synthetic q/k):
    M=240 N=28672 G=1: max|d|=9.155e-05 rel=3.164e-07, top-512 rows moved 0/240
    M=240 N=28672 G=4: max|d|=9.155e-05 rel=3.164e-07, top-512 rows moved 0/240
    M=240 N=61440 G=1: max|d|=9.155e-05 rel=3.258e-07, top-512 rows moved 0/240
    M=240 N=61440 G=4: max|d|=9.155e-05 rel=3.258e-07, top-512 rows moved 0/240
    M=2048 N=28672 G=1: max|d|=9.155e-05 rel=3.460e-07, top-512 rows moved 1/2048
    M=2048 N=28672 G=4: max|d|=9.155e-05 rel=3.460e-07, top-512 rows moved 1/2048
    M=2048 N=61440 G=1: max|d|=9.155e-05 rel=3.427e-07, top-512 rows moved 0/2048
    M=2048 N=61440 G=4: max|d|=9.155e-05 rel=3.427e-07, top-512 rows moved 0/2048
